******************************************************************************
                  TI ARM Linker PC v20.2.7                     
******************************************************************************
>> Linked Sat Apr 20 13:19:00 2024

OUTPUT FILE NAME:   <AUTOSAR_Project.out>
ENTRY POINT SYMBOL: "_c_int00_noargs"  address: 000011f1


MEMORY CONFIGURATION

         name            origin    length      used     unused   attr    fill
----------------------  --------  ---------  --------  --------  ----  --------
  FLASH                 00000000   00040000  000013e2  0003ec1e  R  X
  SRAM                  20000000   00008000  00000216  00007dea  RW X


SEGMENT ALLOCATION MAP

run origin  load origin   length   init length attrs members
----------  ----------- ---------- ----------- ----- -------
00000000    00000000    000013e8   000013e8    r-x
  00000000    00000000    0000026c   0000026c    r-- .intvecs
  0000026c    0000026c    0000101a   0000101a    r-x .text
  00001286    00001286    0000013c   0000013c    r-- .const
  000013c8    000013c8    00000020   00000020    r-- .cinit
20000000    20000000    00000216   00000000    rw-
  20000000    20000000    00000200   00000000    rw- .stack
  20000200    20000200    00000016   00000000    rw- .data


SECTION ALLOCATION MAP

 output                                  attributes/
section   page    origin      length       input sections
--------  ----  ----------  ----------   ----------------
.intvecs   0    00000000    0000026c     
                  00000000    0000026c     tm4c123gh6pm_startup_ccs.obj (.intvecs)

.text      0    0000026c    0000101a     
                  0000026c    000008f4     Port.obj (.text)
                  00000b60    0000030c     Dio.obj (.text)
                  00000e6c    000000a8     Os.obj (.text)
                  00000f14    0000009c     rtsv7M4_T_le_v4SPD16_eabi.lib : memcpy_t2.asm.obj (.text)
                  00000fb0    0000007c     Button.obj (.text)
                  0000102c    0000007c     Gpt.obj (.text)
                  000010a8    00000068     rtsv7M4_T_le_v4SPD16_eabi.lib : copy_decompress_lzss.c.obj (.text:decompress:lzss:__TI_decompress_lzss)
                  00001110    0000005c     App.obj (.text)
                  0000116c    00000044     rtsv7M4_T_le_v4SPD16_eabi.lib : autoinit.c.obj (.text:__TI_auto_init_nobinit_nopinit:__TI_auto_init_nobinit_nopinit)
                  000011b0    0000003e     Led.obj (.text)
                  000011ee    00000002     --HOLE-- [fill = 0]
                  000011f0    00000034     rtsv7M4_T_le_v4SPD16_eabi.lib : boot_cortex_m.c.obj (.text:_c_int00_noargs:_c_int00_noargs)
                  00001224    00000020     Mcu.obj (.text)
                  00001244    00000016     Det.obj (.text)
                  0000125a    0000000e     rtsv7M4_T_le_v4SPD16_eabi.lib : copy_decompress_none.c.obj (.text:decompress:none:__TI_decompress_none)
                  00001268    0000000c     tm4c123gh6pm_startup_ccs.obj (.text)
                  00001274    0000000a     main.obj (.text)
                  0000127e    00000004     rtsv7M4_T_le_v4SPD16_eabi.lib : pre_init.c.obj (.text:_system_pre_init)
                  00001282    00000004                                   : exit.c.obj (.text:abort:abort)

.const     0    00001286    0000013c     
                  00001286    00000138     Port_PBcfg.obj (.const:Port_Configuration)
                  000013be    00000004     Dio_PBcfg.obj (.const:Dio_Configuration)

.cinit     0    000013c8    00000020     
                  000013c8    0000000e     (.cinit..data.load) [load image, compression = lzss]
                  000013d6    00000002     --HOLE-- [fill = 0]
                  000013d8    00000008     (__TI_handler_table)
                  000013e0    00000008     (__TI_cinit_table)

.init_array 
*          0    00000000    00000000     UNINITIALIZED

.data      0    20000200    00000016     UNINITIALIZED
                  20000200    00000005     Dio.obj (.data)
                  20000205    00000003     Button.obj (.data)
                  20000208    00000005     Port.obj (.data)
                  2000020d    00000002     App.obj (.data)
                  2000020f    00000001     --HOLE--
                  20000210    00000004     Gpt.obj (.data)
                  20000214    00000002     Os.obj (.data)

.stack     0    20000000    00000200     UNINITIALIZED
                  20000000    00000004     rtsv7M4_T_le_v4SPD16_eabi.lib : boot_cortex_m.c.obj (.stack)
                  20000004    000001fc     --HOLE--

__llvm_prf_cnts 
*          0    20000000    00000000     UNINITIALIZED

MODULE SUMMARY

       Module                         code   ro data   rw data
       ------                         ----   -------   -------
    .\
       Port.obj                       2292   0         5      
       Dio.obj                        780    0         5      
       tm4c123gh6pm_startup_ccs.obj   12     620       0      
       Port_PBcfg.obj                 0      312       0      
       Os.obj                         168    0         2      
       Gpt.obj                        124    0         4      
       Button.obj                     124    0         3      
       App.obj                        92     0         2      
       Led.obj                        62     0         0      
       Mcu.obj                        32     0         0      
       Det.obj                        22     0         0      
       main.obj                       10     0         0      
       Dio_PBcfg.obj                  0      4         0      
    +--+------------------------------+------+---------+---------+
       Total:                         3718   936       21     
                                                              
    D:\Embedded Diploma\ccs\tools\compiler\ti-cgt-arm_20.2.7.LTS\lib\rtsv7M4_T_le_v4SPD16_eabi.lib
       memcpy_t2.asm.obj              156    0         0      
       copy_decompress_lzss.c.obj     104    0         0      
       autoinit.c.obj                 68     0         0      
       boot_cortex_m.c.obj            52     0         0      
       copy_decompress_none.c.obj     14     0         0      
       exit.c.obj                     4      0         0      
       pre_init.c.obj                 4      0         0      
    +--+------------------------------+------+---------+---------+
       Total:                         402    0         0      
                                                              
       Stack:                         0      0         512    
       Linker Generated:              0      30        0      
    +--+------------------------------+------+---------+---------+
       Grand Total:                   4120   966       533    


LINKER GENERATED COPY TABLES

__TI_cinit_table @ 000013e0 records: 1, size/record: 8, table size: 8
	.data: load addr=000013c8, load size=0000000e bytes, run addr=20000200, run size=00000016 bytes, compression=lzss


LINKER GENERATED HANDLER TABLE

__TI_handler_table @ 000013d8 records: 2, size/record: 4, table size: 8
	index: 0, handler: __TI_decompress_lzss
	index: 1, handler: __TI_decompress_none


GLOBAL SYMBOLS: SORTED ALPHABETICALLY BY Name 

address   name                          
-------   ----                          
00001135  App_Task                      
00000fb1  Button_GetState               
00000fb7  Button_RefreshState           
00001125  Button_Task                   
00001283  C$$EXIT                       
00001245  Det_ReportError               
000013be  Dio_Configuration             
00000d3f  Dio_FlipChannel               
00000b61  Dio_Init                      
00000c65  Dio_ReadChannel               
00000b85  Dio_WriteChannel              
00001111  Init_Task                     
000011c9  Led_RefreshOutput             
000011bd  Led_SetOff                    
000011b1  Led_SetOn                     
0000112d  Led_Task                      
000011e1  Led_Toggle                    
00001225  Mcu_Init                      
00000e87  Os_NewTimerTick               
00000e97  Os_Scheduler                  
00000e6d  Os_start                      
00001286  Port_Configuration            
00000891  Port_GetVersionInfo           
0000026d  Port_Init                     
00000799  Port_RefreshPortDirection     
000006af  Port_SetPinDirection          
000008cd  Port_SetPinMode               
00001269  ResetISR                      
0000102d  SysTick_Handler               
00001085  SysTick_SetCallBack           
0000103d  SysTick_Start                 
0000107d  SysTick_Stop                  
20000200  __STACK_END                   
00000200  __STACK_SIZE                  
20000200  __STACK_TOP                   
000013e0  __TI_CINIT_Base               
000013e8  __TI_CINIT_Limit              
000013d8  __TI_Handler_Table_Base       
000013e0  __TI_Handler_Table_Limit      
0000116d  __TI_auto_init_nobinit_nopinit
000010a9  __TI_decompress_lzss          
0000125b  __TI_decompress_none          
ffffffff  __TI_pprof_out_hndl           
ffffffff  __TI_prof_data_size           
ffffffff  __TI_prof_data_start          
00000000  __TI_static_base__            
00000f15  __aeabi_memcpy                
00000f15  __aeabi_memcpy4               
00000f15  __aeabi_memcpy8               
ffffffff  __binit__                     
ffffffff  __c_args__                    
UNDEFED   __mpu_init                    
20000000  __stack                       
20000000  __start___llvm_prf_cnts       
20000000  __stop___llvm_prf_cnts        
000011f1  _c_int00_noargs               
UNDEFED   _system_post_cinit            
0000127f  _system_pre_init              
00001283  abort                         
ffffffff  binit                         
00000000  g_pfnVectors                  
00001275  main                          
00000f15  memcpy                        


GLOBAL SYMBOLS: SORTED BY Symbol Address 

address   name                          
-------   ----                          
00000000  __TI_static_base__            
00000000  g_pfnVectors                  
00000200  __STACK_SIZE                  
0000026d  Port_Init                     
000006af  Port_SetPinDirection          
00000799  Port_RefreshPortDirection     
00000891  Port_GetVersionInfo           
000008cd  Port_SetPinMode               
00000b61  Dio_Init                      
00000b85  Dio_WriteChannel              
00000c65  Dio_ReadChannel               
00000d3f  Dio_FlipChannel               
00000e6d  Os_start                      
00000e87  Os_NewTimerTick               
00000e97  Os_Scheduler                  
00000f15  __aeabi_memcpy                
00000f15  __aeabi_memcpy4               
00000f15  __aeabi_memcpy8               
00000f15  memcpy                        
00000fb1  Button_GetState               
00000fb7  Button_RefreshState           
0000102d  SysTick_Handler               
0000103d  SysTick_Start                 
0000107d  SysTick_Stop                  
00001085  SysTick_SetCallBack           
000010a9  __TI_decompress_lzss          
00001111  Init_Task                     
00001125  Button_Task                   
0000112d  Led_Task                      
00001135  App_Task                      
0000116d  __TI_auto_init_nobinit_nopinit
000011b1  Led_SetOn                     
000011bd  Led_SetOff                    
000011c9  Led_RefreshOutput             
000011e1  Led_Toggle                    
000011f1  _c_int00_noargs               
00001225  Mcu_Init                      
00001245  Det_ReportError               
0000125b  __TI_decompress_none          
00001269  ResetISR                      
00001275  main                          
0000127f  _system_pre_init              
00001283  C$$EXIT                       
00001283  abort                         
00001286  Port_Configuration            
000013be  Dio_Configuration             
000013d8  __TI_Handler_Table_Base       
000013e0  __TI_CINIT_Base               
000013e0  __TI_Handler_Table_Limit      
000013e8  __TI_CINIT_Limit              
20000000  __stack                       
20000000  __start___llvm_prf_cnts       
20000000  __stop___llvm_prf_cnts        
20000200  __STACK_END                   
20000200  __STACK_TOP                   
ffffffff  __TI_pprof_out_hndl           
ffffffff  __TI_prof_data_size           
ffffffff  __TI_prof_data_start          
ffffffff  __binit__                     
ffffffff  __c_args__                    
ffffffff  binit                         
UNDEFED   __mpu_init                    
UNDEFED   _system_post_cinit            

[63 symbols]
